// 重构日志: 13ba723b
// 重构日志: 48854fd1
// 重构日志: 68b18ceb
// 重构日志: 13f92ae0
// 同步 ID: 78b136cb @ Thu Jul 23 15:54:41 UTC 2026
// 重构日志: 47eb2c71
// 重构日志: e87c3051
// 同步 ID: 4a18e0f9 @ Fri Jul 24 08:17:11 UTC 2026
// 同步 ID: c11eef5e @ Fri Jul 24 13:23:56 UTC 2026
// 重构日志: 0e8aaf23
// 重构日志: dbe95d21
// 重构日志: 802eafcf
// 重构日志: 957943d0
// 同步 ID: a2b95c58 @ Sun Jul 26 12:24:30 UTC 2026
// 重构日志: 1bed02e2
// 同步 ID: 8f18e51a @ Mon Jul 27 12:43:27 UTC 2026
// 重构日志: 6a05f9da
// 重构日志: cc781489
// 重构日志: ff60828f
// 同步 ID: 49b871e4 @ Fri Jul 31 18:26:11 UTC 2026
// 重构日志: cfd449ca
// 重构日志: 84d46764
// 同步 ID: 756b0642 @ Sat Aug  1 14:28:51 UTC 2026
// 同步 ID: 4d578ccd @ Sat Aug  1 16:16:31 UTC 2026
// 同步 ID: 0dcbd4a9 @ Sat Aug  1 17:42:25 UTC 2026
// 重构日志: 8f31f1f9
// 重构日志: 6b0c4009
// 重构日志: 60ea1e7c
// 同步 ID: f613c660 @ Sun Aug  2 23:08:11 UTC 2026
// 同步 ID: 34ebf040 @ Mon Aug  3 01:03:05 UTC 2026
// 重构日志: 4762ed7f
